2026-09-28 01:04:11.709 xcodebuild[11016:34911] [MT] IDEDistribution: -[IDEDistributionLogging _createLoggingBundleAtPath:]: Created bundle at path "/var/folders/nj/vtw8zd2j31d1gdrtntc5y4600000gn/T/FateLost_2026-09-28_01-04-11.707.xcdistributionlogs".
2026-09-28 01:04:28.864 xcodebuild[11016:34911] Starting upload
2026-09-28 01:04:29.881 xcodebuild[11016:34996] Progress 0%: Making copy of ‘FateLost.ipa’…
2026-09-28 01:04:29.881 xcodebuild[11016:34996] Progress 0%: Making copy of ‘FateLost.ipa’…
2026-09-28 01:04:29.882 xcodebuild[11016:34996] Progress 0%: Preparing to upload ‘FateLost.ipa’…
2026-09-28 01:04:29.942 xcodebuild[11016:34996] Progress 0%: Analyzing package…
2026-09-28 01:04:35.234 xcodebuild[11016:34996] Progress 0%: Sending analysis to App Store Connect…
2026-09-28 01:04:36.817 xcodebuild[11016:34996] Progress 0%: Waiting for App Store Connect analysis response…
2026-09-28 01:04:41.163 xcodebuild[11016:34996] Progress 0%: Sending SPI analysis to App Store Connect…
2026-09-28 01:04:42.086 xcodebuild[11016:34996] Progress 0%: Waiting for App Store Connect SPI analysis response…
2026-09-28 01:04:57.999 xcodebuild[11016:34996] Progress 0%: Requesting upload instructions from App Store Connect…
2026-09-28 01:04:58.324 xcodebuild[11016:34996] Progress 0%: Preparing file for upload to App Store Connect…
2026-09-28 01:04:58.330 xcodebuild[11016:34996] Progress 0%: Preparing file for upload to App Store Connect…
2026-09-28 01:04:58.331 xcodebuild[11016:34996] Progress 0%: Uploading to App Store Connect…
2026-09-28 01:04:58.353 xcodebuild[11016:34996] Progress 35%: Uploading to App Store Connect…
2026-09-28 01:04:58.353 xcodebuild[11016:34996] Progress 35%: Uploading to App Store Connect…
2026-09-28 01:04:59.047 xcodebuild[11016:34996] Progress 79%: Uploading to App Store Connect…
2026-09-28 01:04:59.048 xcodebuild[11016:34996] Progress 79%: Uploading to App Store Connect…
2026-09-28 01:04:59.469 xcodebuild[11016:34996] Progress 79%: Completing upload…
2026-09-28 01:05:00.614 xcodebuild[11016:34996] Progress 79%: Waiting for package to begin processing…
2026-09-28 01:05:00.902 xcodebuild[11016:34996] Progress 79%: Uploaded package is processing.
2026-09-28 01:05:00.904 xcodebuild[11016:34996] Progress 79%: Upload succeeded.
warning: exportArchive Upload Symbols Failed. The archive did not include a dSYM for the GoogleMobileAds.framework with the UUIDs [565D0917-544C-3151-BFF5-35D8BBD77AE8]. Ensure that the archive's dSYM folder includes a DWARF file for GoogleMobileAds.framework with the expected UUIDs.

warning: exportArchive Upload Symbols Failed. The archive did not include a dSYM for the UserMessagingPlatform.framework with the UUIDs [B0615F4A-34AC-3510-807D-B590D718B597]. Ensure that the archive's dSYM folder includes a DWARF file for UserMessagingPlatform.framework with the expected UUIDs.

Uploaded FateLost
** EXPORT SUCCEEDED **

